Microchip MPLAB XC8 Compiler V1.12 ()

Linker command line:

--edf=/opt/microchip/xc8/v1.12/dat/en_msgs.txt -cs \
  -h+dist/PIC18F46K22/debug/maze.X.debug.sym -z -Q18F46K22 -ol.obj \
  -Mdist/PIC18F46K22/debug/maze.X.debug.map -E1 -ver=XC8 -ACODE=00h-0FFFFh \
  -ACONST=00h-0FFFFh -ASMALLCONST=01000h-010FFhx240 \
  -AMEDIUMCONST=01000h-0FFFFh -ACOMRAM=01h-05Fh -AABS1=00h-0F37h \
  -ABIGRAM=01h-0F37h -ARAM=060h-0FFh,0100h-01FFhx14,0F00h-0F37h \
  -ABANK0=060h-0FFh -ABANK1=0100h-01FFh -ABANK2=0200h-02FFh \
  -ABANK3=0300h-03FFh -ABANK4=0400h-04FFh -ABANK5=0500h-05FFh \
  -ABANK6=0600h-06FFh -ABANK7=0700h-07FFh -ABANK8=0800h-08FFh \
  -ABANK9=0900h-09FFh -ABANK10=0A00h-0AFFh -ABANK11=0B00h-0BFFh \
  -ABANK12=0C00h-0CFFh -ABANK13=0D00h-0DFFh -ABANK14=0E00h-0EFFh \
  -ABANK15=0F00h-0F37h -ASFR=0F38h-0F5Fh,0F60h-0FFCh \
  -preset_vec=00h,intcode=08h,intcodelo=018h,powerup,init,end_init \
  -pramtop=01000h -psmallconst=SMALLCONST -pmediumconst=MEDIUMCONST \
  -pconst=CONST -AFARRAM=00h-00h -ACONFIG=0300000h-030000Dh -pconfig=CONFIG \
  -AIDLOC=0200000h-0200007h -pidloc=IDLOC -AEEDATA=0F00000h-0F003FFh \
  -peeprom_data=EEDATA \
  -prdata=COMRAM,nvrram=COMRAM,nvbit=COMRAM,rbss=COMRAM,rbit=COMRAM \
  -pfarbss=FARRAM,fardata=FARRAM \
  -pintsave_regs=BIGRAM,bigbss=BIGRAM,bigdata=BIGRAM -pbss=RAM \
  -pidata=CODE,irdata=CODE,ibigdata=CODE,ifardata=CODE /tmp/cgt7jdUBZ.obj \
  dist/PIC18F46K22/debug/maze.X.debug.obj 

Object code version is 3.10

Machine type is 18F46K22

Call graph: (short form)




                Name                               Link     Load   Length Selector   Space Scale
/tmp/cgt7jdUBZ.obj
                end_init                             A2       A2        4        C       0
                reset_vec                             0        0        6        0       0
                idloc                            200000   200000        8   200000       0
                config                           300000   300000        E   300000       0
dist/PIC18F46K22/debug/maze.X.debug.obj
                intcodelo                            18       18       8A        C       0
                intcode                               8        8       10        4       0
                mediumconst                        FDE2     FDE2      21E     7EF1       0
                text43                             1602     1602        6        C       0
                text42                             1388     1388       38        C       0
                intcode_body                        B1C      B1C       C6        C       0
                text39                             133C     133C       4C        C       0
                text38                              F42      F42       A0        C       0
                text37                             110E     110E       8C        C       0
                text36                             15D2     15D2       10        C       0
                text35                             1542     1542       1C        C       0
                text34                              7A2      7A2      134        C       0
                text33                             142C     142C       30        C       0
                text32                             15A0     15A0       12        C       0
                text31                             145C     145C       2A        C       0
                text30                             158A     158A       16        C       0
                text29                             15E2     15E2        E        C       0
                text28                              E98      E98       AA        C       0
                text27                             1524     1524       1E        C       0
                text26                              DEE      DEE       AA        C       0
                text25                             1506     1506       1E        C       0
                text24                              D44      D44       AA        C       0
                text23                             14E8     14E8       1E        C       0
                text22                              C9A      C9A       AA        C       0
                text21                             14CA     14CA       1E        C       0
                text20                             15FC     15FC        6        C       0
                text19                             15C2     15C2       10        C       0
                text18                             15F0     15F0        C        C       0
                text17                             12EA     12EA       52        C       0
                text16                             1282     1282       68        C       0
                text15                             1486     1486       26        C       0
                text14                             119A     119A       76        C       0
                text13                              39C      39C      2CA        C       0
                text12                             107C     107C       92        C       0
                text11                             1574     1574       16        C       0
                text10                             1210     1210       72        C       0
                text9                              13F6     13F6       36        C       0
                text8                              13C0     13C0       36        C       0
                text7                               A00      A00      11C        C       0
                text6                               666      666      13C        C       0
                text5                              15B2     15B2       10        C       0
                text4                               BE2      BE2       B8        C       0
                text3                              155E     155E       16        C       0
                text2                               8D6      8D6      12A        C       0
                text1                               FE2      FE2       9A        C       0
                text0                                A6       A6      2F6        C       0
                cstackCOMRAM                          1        1       23        1       1
                cstackBANK0                          B4       B4       25       60       1
                bssBANK0                             60       60       54       60       1
                bssCOMRAM                            24       24       1D        1       1
                cinit                              14AC     14AC       1E        C       0

TOTAL           Name                               Link     Load   Length     Space
        CLASS   CODE           
                end_init                             A2       A2        4         0
                intcodelo                            18       18       8A         0
                intcode                               8        8       10         0
                reset_vec                             0        0        6         0
                text43                             1602     1602        6         0
                text42                             1388     1388       38         0
                intcode_body                        B1C      B1C       C6         0
                text39                             133C     133C       4C         0
                text38                              F42      F42       A0         0
                text37                             110E     110E       8C         0
                text36                             15D2     15D2       10         0
                text35                             1542     1542       1C         0
                text34                              7A2      7A2      134         0
                text33                             142C     142C       30         0
                text32                             15A0     15A0       12         0
                text31                             145C     145C       2A         0
                text30                             158A     158A       16         0
                text29                             15E2     15E2        E         0
                text28                              E98      E98       AA         0
                text27                             1524     1524       1E         0
                text26                              DEE      DEE       AA         0
                text25                             1506     1506       1E         0
                text24                              D44      D44       AA         0
                text23                             14E8     14E8       1E         0
                text22                              C9A      C9A       AA         0
                text21                             14CA     14CA       1E         0
                text20                             15FC     15FC        6         0
                text19                             15C2     15C2       10         0
                text18                             15F0     15F0        C         0
                text17                             12EA     12EA       52         0
                text16                             1282     1282       68         0
                text15                             1486     1486       26         0
                text14                             119A     119A       76         0
                text13                              39C      39C      2CA         0
                text12                             107C     107C       92         0
                text11                             1574     1574       16         0
                text10                             1210     1210       72         0
                text9                              13F6     13F6       36         0
                text8                              13C0     13C0       36         0
                text7                               A00      A00      11C         0
                text6                               666      666      13C         0
                text5                              15B2     15B2       10         0
                text4                               BE2      BE2       B8         0
                text3                              155E     155E       16         0
                text2                               8D6      8D6      12A         0
                text1                               FE2      FE2       9A         0
                text0                                A6       A6      2F6         0
                cinit                              14AC     14AC       1E         0

        CLASS   CONST          

        CLASS   SMALLCONST     

        CLASS   MEDIUMCONST    
                mediumconst                        FDE2     FDE2      21E         0

        CLASS   COMRAM         
                cstackCOMRAM                          1        1       23         1
                bssCOMRAM                            24       24       1D         1

        CLASS   ABS1           

        CLASS   BIGRAM         

        CLASS   RAM            

        CLASS   BANK0          
                cstackBANK0                          B4       B4       25         1
                bssBANK0                             60       60       54         1

        CLASS   BANK1          

        CLASS   BANK2          

        CLASS   BANK3          

        CLASS   BANK4          

        CLASS   BANK5          

        CLASS   BANK6          

        CLASS   BANK7          

        CLASS   BANK8          

        CLASS   BANK9          

        CLASS   BANK10         

        CLASS   BANK11         

        CLASS   BANK12         

        CLASS   BANK13         

        CLASS   BANK14         

        CLASS   BANK15         

        CLASS   SFR            

        CLASS   FARRAM         

        CLASS   CONFIG         
                config                           300000   300000        E         0

        CLASS   IDLOC          
                idloc                            200000   200000        8         0

        CLASS   EEDATA         



SEGMENTS        Name                           Load    Length   Top    Selector   Space  Class

                reset_vec                      000000  000006  000006         0       0  CODE    
                cstackCOMRAM                   000001  000040  000041         1       1  COMRAM  
                intcode                        000008  000010  000018         4       0  CODE    
                intcodelo                      000018  0015F0  001608         C       0  CODE    
                bssBANK0                       000060  000079  0000D9        60       1  BANK0   
                mediumconst                    00FDE2  00021E  010000      7EF1       0  MEDIUMCO
                idloc                          200000  000008  200008    200000       0  IDLOC   
                config                         300000  00000E  30000E    300000       0  CONFIG  


UNUSED ADDRESS RANGES

        Name                Unused          Largest block    Delta
        BANK0            0000D9-0000FF               27
        BANK1            000100-0001FF              100
        BANK10           000A00-000AFF              100
        BANK11           000B00-000BFF              100
        BANK12           000C00-000CFF              100
        BANK13           000D00-000DFF              100
        BANK14           000E00-000EFF              100
        BANK15           000F00-000F37               38
        BANK2            000200-0002FF              100
        BANK3            000300-0003FF              100
        BANK4            000400-0004FF              100
        BANK5            000500-0005FF              100
        BANK6            000600-0006FF              100
        BANK7            000700-0007FF              100
        BANK8            000800-0008FF              100
        BANK9            000900-0009FF              100
        BIGRAM           000041-00005F               1F
                         0000D9-000F37              E5F
        CODE             000006-000007                2
                         001608-00FDE1             E7DA
        COMRAM           000041-00005F               1F
        CONST            000006-000007                2
                         001608-00FDE1             E7DA
        EEDATA           F00000-F003FF              400
        MEDIUMCONST      001608-00FDE1             E7DA
        RAM              0000D9-000F37              100
        SFR              000F38-000FFC               28
        SMALLCONST       001608-00FDE1              100

                                  Symbol Table

?___lwdiv                     cstackCOMRAM 000020
?___lwmod                     cstackBANK0  0000B8
?___wmul                      cstackCOMRAM 000020
?_atoi                        cstackBANK0  0000B6
?_beep                        cstackCOMRAM 000020
?_cgets                       cstackCOMRAM 000022
?_gets                        cstackBANK0  0000BB
?_isdigit                     cstackCOMRAM 000020
?_motor_left_power            cstackCOMRAM 000020
?_motor_right_power           cstackCOMRAM 000020
?_motor_set_target            cstackBANK0  0000B8
?_p_front                     cstackBANK0  0000BA
?_p_lb                        cstackBANK0  0000BA
?_p_lf                        cstackBANK0  0000BA
?_p_right                     cstackBANK0  0000BA
?_ping_convert                cstackBANK0  0000B8
?_ping_front                  cstackBANK0  0000C0
?_ping_lb                     cstackBANK0  0000C0
?_ping_lf                     cstackBANK0  0000C0
?_ping_right                  cstackBANK0  0000C0
?_printf                      cstackBANK0  0000BE
?_putch                       cstackCOMRAM 000020
?_stop_sonic_timer            cstackCOMRAM 000020
?_strcmp                      cstackCOMRAM 000020
?_sys_delay_ms                cstackCOMRAM 000020
_ANSELA                       (abs)        000F38
_ANSELB                       (abs)        000F39
_ANSELC                       (abs)        000F3A
_ANSELD                       (abs)        000F3B
_ANSELE                       (abs)        000F3C
_CREN1                        (abs)        007D5C
_ConfigureOscillator          text11       001574
_GIE                          (abs)        007F97
_IRCF0                        (abs)        007E9C
_IRCF1                        (abs)        007E9D
_IRCF2                        (abs)        007E9E
_InitApp                      text12       00107C
_OSCCON2bits                  (abs)        000FD2
_OSCTUNEbits                  (abs)        000F9B
_PEIE                         (abs)        007F96
_PORTA                        (abs)        000F80
_PORTAbits                    (abs)        000F80
_PORTB                        (abs)        000F81
_PORTBbits                    (abs)        000F81
_PORTC                        (abs)        000F82
_PORTCbits                    (abs)        000F82
_PORTD                        (abs)        000F83
_PORTDbits                    (abs)        000F83
_PORTE                        (abs)        000F84
_PORTEbits                    (abs)        000F84
_PSA                          (abs)        007EAB
_RC1IF                        (abs)        007CF5
_RCREG1                       (abs)        000FAE
_SPBRG1                       (abs)        000FAF
_SPEN1                        (abs)        007D5F
_T08BIT                       (abs)        007EAE
_T0CS                         (abs)        007EAD
_T0PS0                        (abs)        007EA8
_T0PS1                        (abs)        007EA9
_T0PS2                        (abs)        007EAA
_T2CKPS0                      (abs)        007DD0
_T2CKPS1                      (abs)        007DD1
_TMR0H                        (abs)        000FD7
_TMR0L                        (abs)        000FD6
_TMR0ON                       (abs)        007EAF
_TMR1IE                       (abs)        007CE8
_TMR1IF                       (abs)        007CF0
_TMR1ON                       (abs)        007E68
_TMR2IE                       (abs)        007CE9
_TMR2IF                       (abs)        007CF1
_TMR2ON                       (abs)        007DD2
_TRISA                        (abs)        000F92
_TRISB                        (abs)        000F93
_TRISC                        (abs)        000F94
_TRISD                        (abs)        000F95
_TRISE                        (abs)        000F96
_TRMT1                        (abs)        007D61
_TXEN1                        (abs)        007D65
_TXREG                        (abs)        000FAD
__CFG_BOREN$SBORDIS           (abs)        000000
__CFG_BORV$285                (abs)        000000
__CFG_CCP2MX$PORTC1           (abs)        000000
__CFG_CCP3MX$PORTB5           (abs)        000000
__CFG_CP0$OFF                 (abs)        000000
__CFG_CP1$OFF                 (abs)        000000
__CFG_CP2$OFF                 (abs)        000000
__CFG_CP3$OFF                 (abs)        000000
__CFG_CPB$OFF                 (abs)        000000
__CFG_CPD$OFF                 (abs)        000000
__CFG_EBTR0$OFF               (abs)        000000
__CFG_EBTR1$OFF               (abs)        000000
__CFG_EBTR2$OFF               (abs)        000000
__CFG_EBTR3$OFF               (abs)        000000
__CFG_EBTRB$OFF               (abs)        000000
__CFG_FCMEN$OFF               (abs)        000000
__CFG_FOSC$INTIO67            (abs)        000000
__CFG_HFOFST$ON               (abs)        000000
__CFG_IESO$OFF                (abs)        000000
__CFG_LVP$ON                  (abs)        000000
__CFG_MCLRE$EXTMCLR           (abs)        000000
__CFG_P2BMX$PORTD2            (abs)        000000
__CFG_PBADEN$ON               (abs)        000000
__CFG_PLLCFG$OFF              (abs)        000000
__CFG_PRICLKEN$OFF            (abs)        000000
__CFG_PWRTEN$OFF              (abs)        000000
__CFG_STVREN$ON               (abs)        000000
__CFG_T3CMX$PORTC0            (abs)        000000
__CFG_WDTEN$OFF               (abs)        000000
__CFG_WDTPS$32768             (abs)        000000
__CFG_WRT0$OFF                (abs)        000000
__CFG_WRT1$OFF                (abs)        000000
__CFG_WRT2$OFF                (abs)        000000
__CFG_WRT3$OFF                (abs)        000000
__CFG_WRTB$OFF                (abs)        000000
__CFG_WRTC$OFF                (abs)        000000
__CFG_WRTD$OFF                (abs)        000000
__CFG_XINST$OFF               (abs)        000000
__HRAM                        (abs)        000000
__Habs1                       abs1         000000
__Hbank0                      bank0        000000
__Hbank1                      bank1        000000
__Hbank10                     bank10       000000
__Hbank11                     bank11       000000
__Hbank12                     bank12       000000
__Hbank13                     bank13       000000
__Hbank14                     bank14       000000
__Hbank15                     bank15       000000
__Hbank2                      bank2        000000
__Hbank3                      bank3        000000
__Hbank4                      bank4        000000
__Hbank5                      bank5        000000
__Hbank6                      bank6        000000
__Hbank7                      bank7        000000
__Hbank8                      bank8        000000
__Hbank9                      bank9        000000
__Hbigbss                     bigbss       000000
__Hbigdata                    bigdata      000000
__Hbigram                     bigram       000000
__Hbss                        bss          000000
__HbssBANK0                   bssBANK0     000000
__HbssCOMRAM                  bssCOMRAM    000000
__Hcinit                      cinit        000000
__Hclrtext                    clrtext      000000
__Hcomram                     comram       000000
__Hconfig                     config       30000E
__Hconst                      const        000000
__HcstackBANK0                cstackBANK0  000000
__HcstackCOMRAM               cstackCOMRAM 000000
__Hdata                       data         000000
__Heeprom_data                eeprom_data  000000
__Hend_init                   end_init     0000A6
__Hfarbss                     farbss       000000
__Hfardata                    fardata      000000
__Hibigdata                   ibigdata     000000
__Hidata                      idata        000000
__Hidloc                      idloc        200008
__Hifardata                   ifardata     000000
__Hinit                       init         0000A2
__Hintcode                    intcode      000018
__Hintcode_body               intcode_body 000000
__Hintcodelo                  intcodelo    0000A2
__Hintentry                   intentry     000000
__Hintret                     intret       000000
__Hintsave_regs               intsave_regs 000000
__Hirdata                     irdata       000000
__Hmediumconst                mediumconst  010000
__Hnvbit                      nvbit        000000
__Hnvrram                     nvrram       000000
__Hparam                      rparam       000000
__Hpowerup                    powerup      0000A2
__Hram                        ram          000000
__Hramtop                     ramtop       001000
__Hrbit                       rbit         000000
__Hrbss                       rbss         000000
__Hrdata                      rdata        000000
__Hreset_vec                  reset_vec    000006
__Hrparam                     rparam       000000
__Hsfr                        sfr          000000
__Hsmallconst                 smallconst   000000
__Hstruct                     struct       000000
__Htemp                       temp         000000
__Htext                       text         000000
__Htext0                      text0        000000
__Htext1                      text1        000000
__Htext10                     text10       000000
__Htext11                     text11       000000
__Htext12                     text12       000000
__Htext13                     text13       000000
__Htext14                     text14       000000
__Htext15                     text15       000000
__Htext16                     text16       000000
__Htext17                     text17       000000
__Htext18                     text18       000000
__Htext19                     text19       000000
__Htext2                      text2        000000
__Htext20                     text20       000000
__Htext21                     text21       000000
__Htext22                     text22       000000
__Htext23                     text23       000000
__Htext24                     text24       000000
__Htext25                     text25       000000
__Htext26                     text26       000000
__Htext27                     text27       000000
__Htext28                     text28       000000
__Htext29                     text29       000000
__Htext3                      text3        000000
__Htext30                     text30       000000
__Htext31                     text31       000000
__Htext32                     text32       000000
__Htext33                     text33       000000
__Htext34                     text34       000000
__Htext35                     text35       000000
__Htext36                     text36       000000
__Htext37                     text37       000000
__Htext38                     text38       000000
__Htext39                     text39       000000
__Htext4                      text4        000000
__Htext42                     text42       000000
__Htext43                     text43       000000
__Htext5                      text5        000000
__Htext6                      text6        000000
__Htext7                      text7        000000
__Htext8                      text8        000000
__Htext9                      text9        000000
__LRAM                        (abs)        000001
__Labs1                       abs1         000000
__Lbank0                      bank0        000000
__Lbank1                      bank1        000000
__Lbank10                     bank10       000000
__Lbank11                     bank11       000000
__Lbank12                     bank12       000000
__Lbank13                     bank13       000000
__Lbank14                     bank14       000000
__Lbank15                     bank15       000000
__Lbank2                      bank2        000000
__Lbank3                      bank3        000000
__Lbank4                      bank4        000000
__Lbank5                      bank5        000000
__Lbank6                      bank6        000000
__Lbank7                      bank7        000000
__Lbank8                      bank8        000000
__Lbank9                      bank9        000000
__Lbigbss                     bigbss       000000
__Lbigdata                    bigdata      000000
__Lbigram                     bigram       000000
__Lbss                        bss          000000
__LbssBANK0                   bssBANK0     000000
__LbssCOMRAM                  bssCOMRAM    000000
__Lcinit                      cinit        000000
__Lclrtext                    clrtext      000000
__Lcomram                     comram       000000
__Lconfig                     config       300000
__Lconst                      const        000000
__LcstackBANK0                cstackBANK0  000000
__LcstackCOMRAM               cstackCOMRAM 000000
__Ldata                       data         000000
__Leeprom_data                eeprom_data  000000
__Lend_init                   end_init     0000A2
__Lfarbss                     farbss       000000
__Lfardata                    fardata      000000
__Libigdata                   ibigdata     000000
__Lidata                      idata        000000
__Lidloc                      idloc        200000
__Lifardata                   ifardata     000000
__Linit                       init         0000A2
__Lintcode                    intcode      000008
__Lintcode_body               intcode_body 000000
__Lintcodelo                  intcodelo    000018
__Lintentry                   intentry     000000
__Lintret                     intret       000000
__Lintsave_regs               intsave_regs 000000
__Lirdata                     irdata       000000
__Lmediumconst                mediumconst  00FDE2
__Lnvbit                      nvbit        000000
__Lnvrram                     nvrram       000000
__Lparam                      rparam       000000
__Lpowerup                    powerup      0000A2
__Lram                        ram          000000
__Lramtop                     ramtop       001000
__Lrbit                       rbit         000000
__Lrbss                       rbss         000000
__Lrdata                      rdata        000000
__Lreset_vec                  reset_vec    000000
__Lrparam                     rparam       000000
__Lsfr                        sfr          000000
__Lsmallconst                 smallconst   000000
__Lstruct                     struct       000000
__Ltemp                       temp         000000
__Ltext                       text         000000
__Ltext0                      text0        000000
__Ltext1                      text1        000000
__Ltext10                     text10       000000
__Ltext11                     text11       000000
__Ltext12                     text12       000000
__Ltext13                     text13       000000
__Ltext14                     text14       000000
__Ltext15                     text15       000000
__Ltext16                     text16       000000
__Ltext17                     text17       000000
__Ltext18                     text18       000000
__Ltext19                     text19       000000
__Ltext2                      text2        000000
__Ltext20                     text20       000000
__Ltext21                     text21       000000
__Ltext22                     text22       000000
__Ltext23                     text23       000000
__Ltext24                     text24       000000
__Ltext25                     text25       000000
__Ltext26                     text26       000000
__Ltext27                     text27       000000
__Ltext28                     text28       000000
__Ltext29                     text29       000000
__Ltext3                      text3        000000
__Ltext30                     text30       000000
__Ltext31                     text31       000000
__Ltext32                     text32       000000
__Ltext33                     text33       000000
__Ltext34                     text34       000000
__Ltext35                     text35       000000
__Ltext36                     text36       000000
__Ltext37                     text37       000000
__Ltext38                     text38       000000
__Ltext39                     text39       000000
__Ltext4                      text4        000000
__Ltext42                     text42       000000
__Ltext43                     text43       000000
__Ltext5                      text5        000000
__Ltext6                      text6        000000
__Ltext7                      text7        000000
__Ltext8                      text8        000000
__Ltext9                      text9        000000
__S0                          (abs)        30000E
__S1                          (abs)        0000D9
___lwdiv                      text37       00110E
___lwdiv@counter              cstackBANK0  0000B5
___lwdiv@dividend             cstackCOMRAM 000020
___lwdiv@divisor              cstackCOMRAM 000022
___lwdiv@quotient             cstackBANK0  0000B6
___lwmod                      text38       000F42
___lwmod@counter              cstackBANK0  0000BD
___lwmod@dividend             cstackBANK0  0000B8
___lwmod@divisor              cstackBANK0  0000BA
___wmul                       text39       00133C
___wmul@multiplicand          cstackCOMRAM 000022
___wmul@multiplier            cstackCOMRAM 000020
___wmul@product               cstackBANK0  0000B4
__accesstop                   (abs)        000060
__activetblptr                (abs)        000003
__end_of_ConfigureOscillator  text11       00158A
__end_of_InitApp              text12       00110E
__end_of___lwdiv              text37       00119A
__end_of___lwmod              text38       000FE2
__end_of___wmul               text39       001388
__end_of__initialization      cinit        0014C4
__end_of__stringdata          mediumconst  00FFFE
__end_of_atoi                 text6        0007A2
__end_of_beep                 text14       001210
__end_of_cgets                text34       0008D6
__end_of_dpowers              mediumconst  00FDEC
__end_of_encoder_test         text3        001574
__end_of_getche               text35       00155E
__end_of_gets                 text5        0015C2
__end_of_high_isr             intcode_body 000BE2
__end_of_init_motor_timer     text20       001602
__end_of_init_sonic_timer     text19       0015D2
__end_of_init_uart            text18       0015FC
__end_of_isdigit              text33       00145C
__end_of_low_isr              intcodelo    0000A2
__end_of_main                 text0        00039C
__end_of_maze_interupt        text43       001608
__end_of_maze_loop            text15       0014AC
__end_of_motor_enc_clear      text32       0015B2
__end_of_motor_enc_interupt   text42       0013C0
__end_of_motor_left_power     text8        0013F6
__end_of_motor_right_power    text9        00142C
__end_of_motor_set_target     text7        000B1C
__end_of_p_front              text22       000D44
__end_of_p_lb                 text26       000E98
__end_of_p_lf                 text24       000DEE
__end_of_p_right              text28       000F42
__end_of_ping_convert         text31       001486
__end_of_ping_front           text21       0014E8
__end_of_ping_lb              text25       001524
__end_of_ping_lf              text23       001506
__end_of_ping_right           text27       001542
__end_of_printf               text13       000666
__end_of_putch                text36       0015E2
__end_of_set_power            text1        00107C
__end_of_sonic_test           text17       00133C
__end_of_start_sonic_timer    text29       0015F0
__end_of_stop_sonic_timer     text30       0015A0
__end_of_strcmp               text16       0012EA
__end_of_sys_delay_ms         text10       001282
__end_of_time_turn_test       text2        000A00
__end_of_turn_enc_test        text4        000C9A
__initialization              cinit        0014AC
__mediumconst                 mediumconst  00FDE2
__pbssBANK0                   bssBANK0     000060
__pbssCOMRAM                  bssCOMRAM    000024
__pcinit                      cinit        0014AC
__pcstackBANK0                cstackBANK0  0000B4
__pcstackCOMRAM               cstackCOMRAM 000001
__pintcode                    intcode      000008
__pintcode_body               intcode_body 000B1C
__pintcodelo                  intcodelo    000018
__pmediumconst                mediumconst  00FDE2
__ptext0                      text0        0000A6
__ptext1                      text1        000FE2
__ptext10                     text10       001210
__ptext11                     text11       001574
__ptext12                     text12       00107C
__ptext13                     text13       00039C
__ptext14                     text14       00119A
__ptext15                     text15       001486
__ptext16                     text16       001282
__ptext17                     text17       0012EA
__ptext18                     text18       0015F0
__ptext19                     text19       0015C2
__ptext2                      text2        0008D6
__ptext20                     text20       0015FC
__ptext21                     text21       0014CA
__ptext22                     text22       000C9A
__ptext23                     text23       0014E8
__ptext24                     text24       000D44
__ptext25                     text25       001506
__ptext26                     text26       000DEE
__ptext27                     text27       001524
__ptext28                     text28       000E98
__ptext29                     text29       0015E2
__ptext3                      text3        00155E
__ptext30                     text30       00158A
__ptext31                     text31       00145C
__ptext32                     text32       0015A0
__ptext33                     text33       00142C
__ptext34                     text34       0007A2
__ptext35                     text35       001542
__ptext36                     text36       0015D2
__ptext37                     text37       00110E
__ptext38                     text38       000F42
__ptext39                     text39       00133C
__ptext4                      text4        000BE2
__ptext42                     text42       001388
__ptext43                     text43       001602
__ptext5                      text5        0015B2
__ptext6                      text6        000666
__ptext7                      text7        000A00
__ptext8                      text8        0013C0
__ptext9                      text9        0013F6
__ramtop                      ramtop       001000
__size_of_ConfigureOscillator (abs)        000000
__size_of_InitApp             (abs)        000000
__size_of___lwdiv             (abs)        000000
__size_of___lwmod             (abs)        000000
__size_of___wmul              (abs)        000000
__size_of_atoi                (abs)        000000
__size_of_beep                (abs)        000000
__size_of_cgets               (abs)        000000
__size_of_encoder_test        (abs)        000000
__size_of_getche              (abs)        000000
__size_of_gets                (abs)        000000
__size_of_high_isr            (abs)        000000
__size_of_init_motor_timer    (abs)        000000
__size_of_init_sonic_timer    (abs)        000000
__size_of_init_uart           (abs)        000000
__size_of_isdigit             (abs)        000000
__size_of_low_isr             (abs)        000000
__size_of_main                (abs)        000000
__size_of_maze_interupt       (abs)        000000
__size_of_maze_loop           (abs)        000000
__size_of_motor_enc_clear     (abs)        000000
__size_of_motor_enc_interupt  (abs)        000000
__size_of_motor_left_power    (abs)        000000
__size_of_motor_right_power   (abs)        000000
__size_of_motor_set_target    (abs)        000000
__size_of_p_front             (abs)        000000
__size_of_p_lb                (abs)        000000
__size_of_p_lf                (abs)        000000
__size_of_p_right             (abs)        000000
__size_of_ping_convert        (abs)        000000
__size_of_ping_front          (abs)        000000
__size_of_ping_lb             (abs)        000000
__size_of_ping_lf             (abs)        000000
__size_of_ping_right          (abs)        000000
__size_of_printf              (abs)        000000
__size_of_putch               (abs)        000000
__size_of_set_power           (abs)        000000
__size_of_sonic_test          (abs)        000000
__size_of_start_sonic_timer   (abs)        000000
__size_of_stop_sonic_timer    (abs)        000000
__size_of_strcmp              (abs)        000000
__size_of_sys_delay_ms        (abs)        000000
__size_of_time_turn_test      (abs)        000000
__size_of_turn_enc_test       (abs)        000000
__smallconst                  smallconst   000000
__stringdata                  mediumconst  00FDEC
_atoi                         text6        000666
_beep                         text14       00119A
_buf                          bssBANK0     000064
_cgets                        text34       0007A2
_dpowers                      mediumconst  00FDE2
_encoder_test                 text3        00155E
_getche                       text35       001542
_gets                         text5        0015B2
_high_isr                     intcode      000008
_init_motor_timer             text20       0015FC
_init_sonic_timer             text19       0015C2
_init_uart                    text18       0015F0
_isdigit                      text33       00142C
_isdigit$1753                 cstackCOMRAM 000022
_low_isr                      intcodelo    000018
_main                         text0        0000A6
_maze                         bssCOMRAM    000024
_maze_interupt                text43       001602
_maze_loop                    text15       001486
_motor                        bssCOMRAM    000032
_motor_enc_clear              text32       0015A0
_motor_enc_interupt           text42       001388
_motor_left_power             text8        0013C0
_motor_right_power            text9        0013F6
_motor_set_target             text7        000A00
_p_front                      text22       000C9A
_p_lb                         text26       000DEE
_p_lf                         text24       000D44
_p_right                      text28       000E98
_ping_convert                 text31       00145C
_ping_front                   text21       0014CA
_ping_lb                      text25       001506
_ping_lf                      text23       0014E8
_ping_right                   text27       001524
_printf                       text13       00039C
_putch                        text36       0015D2
_set_power                    text1        000FE2
_sonic_test                   text17       0012EA
_start_sonic_timer            text29       0015E2
_stop_sonic_timer             text30       00158A
_strcmp                       text16       001282
_sys_delay_ms                 text10       001210
_systick                      bssBANK0     000060
_time_turn_test               text2        0008D6
_turn_enc_test                text4        000BE2
atoi@a                        cstackBANK0  0000BC
atoi@s                        cstackBANK0  0000B6
atoi@sign                     cstackBANK0  0000BB
beep@i                        cstackBANK0  0000B5
beep@j                        cstackBANK0  0000B4
beep@tone                     cstackCOMRAM 000020
cgets@c                       cstackBANK0  0000B7
cgets@s                       cstackCOMRAM 000022
cgets@s1                      cstackBANK0  0000B9
end_of_initialization         cinit        0014C4
getche@value                  cstackCOMRAM 000021
gets@s                        cstackBANK0  0000BB
high_isr@i                    bssCOMRAM    000039
int_func                      intcode_body 000B1C
intlevel0                     text         000000
intlevel1                     text         000000
intlevel2                     text         000000
intlevel3                     text         000000
is_branch@grace               bssCOMRAM    00003B
isdigit@c                     cstackCOMRAM 000020
main@i                        cstackBANK0  0000D7
maze_debug@i                  bssCOMRAM    00003C
motor_enc_interupt@left       bssCOMRAM    00003D
motor_enc_interupt@right      bssCOMRAM    00003E
motor_interupt@left_counter   bssCOMRAM    00003F
motor_interupt@right_counter  bssCOMRAM    000040
motor_left_power@p            cstackCOMRAM 000020
motor_right_power@p           cstackCOMRAM 000020
motor_set_target@left         cstackBANK0  0000B8
motor_set_target@old_left     cstackBANK0  0000BD
motor_set_target@old_right    cstackBANK0  0000BE
motor_set_target@right        cstackBANK0  0000BA
p_front@i                     cstackBANK0  0000BE
p_front@value                 cstackBANK0  0000BC
p_lb@i                        cstackBANK0  0000BE
p_lb@value                    cstackBANK0  0000BC
p_lf@i                        cstackBANK0  0000BE
p_lf@value                    cstackBANK0  0000BC
p_right@i                     cstackBANK0  0000BE
p_right@value                 cstackBANK0  0000BC
ping_convert@value            cstackBANK0  0000B8
ping_front@value              cstackBANK0  0000C2
ping_lb@value                 cstackBANK0  0000C2
ping_lf@value                 cstackBANK0  0000C2
ping_right@value              cstackBANK0  0000C2
printf@_val                   cstackBANK0  0000CA
printf@ap                     cstackBANK0  0000C8
printf@c                      cstackBANK0  0000CE
printf@f                      cstackBANK0  0000BE
printf@flag                   cstackBANK0  0000C6
printf@prec                   cstackBANK0  0000C7
putch@c                       cstackCOMRAM 000020
set_power@power               cstackBANK0  0000CF
sonic_test@i                  cstackBANK0  0000C5
start                         init         0000A2
start_initialization          cinit        0014AC
stop_sonic_timer@value        cstackCOMRAM 000022
strcmp@r                      cstackBANK0  0000B5
strcmp@s1                     cstackCOMRAM 000020
strcmp@s2                     cstackCOMRAM 000022
sys_delay_ms@old              cstackBANK0  0000B4
sys_delay_ms@ticks            cstackCOMRAM 000020
time_turn_test@i              cstackBANK0  0000D4
time_turn_test@i_384          cstackBANK0  0000D5
time_turn_test@time           cstackBANK0  0000D2
turn_enc_test@left            cstackBANK0  0000CF
turn_enc_test@right           cstackBANK0  0000D1


FUNCTION INFORMATION:

 *************** function _main *****************
 Defined at:
		line 96 in file "main.c"
 Parameters:    Size  Location     Type
		None
 Auto vars:     Size  Location     Type
  i               2   35[BANK0 ] unsigned int 
 Return value:  Size  Location     Type
		None               void
 Registers used:
		wreg, fsr0l, fsr0h, fsr1l, fsr1h, fsr2l, fsr2h, status,2, status,0, pclat, tosl, structret, tblptrl, tblptrh, tblptru, prodl, prodh, bsr, cstack
 Tracked objects:
		On entry : 
		On exit  : 
		Unchanged: 
 Data sizes:     COMRAM   BANK0   BANK1   BANK2   BANK3   BANK4   BANK5   BANK6   BANK7   BANK8   BANK9  BANK10  BANK11  BANK12  BANK13  BANK14  BANK15
      Params:         0       0       0       0       0       0       0       0       0       0       0       0       0       0       0       0       0
      Locals:         0       2       0       0       0       0       0       0       0       0       0       0       0       0       0       0       0
      Temps:          0       1       0       0       0       0       0       0       0       0       0       0       0       0       0       0       0
      Totals:         0       3       0       0       0       0       0       0       0       0       0       0       0       0       0       0       0
Total ram usage:        3 bytes
 Hardware stack levels required when called:    8
 This function calls:
		_ConfigureOscillator
		_InitApp
		_beep
		_printf
		_maze_loop
		_gets
		_strcmp
		_sonic_test
		_turn_enc_test
		_set_power
		_time_turn_test
		_encoder_test
 This function is called by:
		Startup code after reset
 This function uses a non-reentrant model


 *************** function _set_power *****************
 Defined at:
		line 37 in file "main.c"
 Parameters:    Size  Location     Type
		None
 Auto vars:     Size  Location     Type
  power           1   27[BANK0 ] char 
 Return value:  Size  Location     Type
		None               void
 Registers used:
		wreg, fsr2l, fsr2h, status,2, status,0, tblptrl, tblptrh, tblptru, prodl, prodh, cstack
 Tracked objects:
		On entry : 
		On exit  : 
		Unchanged: 
 Data sizes:     COMRAM   BANK0   BANK1   BANK2   BANK3   BANK4   BANK5   BANK6   BANK7   BANK8   BANK9  BANK10  BANK11  BANK12  BANK13  BANK14  BANK15
      Params:         0       0       0       0       0       0       0       0       0       0       0       0       0       0       0       0       0
      Locals:         0       1       0       0       0       0       0       0       0       0       0       0       0       0       0       0       0
      Temps:          0       0       0       0       0       0       0       0       0       0       0       0       0       0       0       0       0
      Totals:         0       1       0       0       0       0       0       0       0       0       0       0       0       0       0       0       0
Total ram usage:        1 bytes
 Hardware stack levels used:    1
 Hardware stack levels required when called:    7
 This function calls:
		_printf
		_gets
		_atoi
		_motor_left_power
		_motor_right_power
 This function is called by:
		_main
 This function uses a non-reentrant model


 *************** function _time_turn_test *****************
 Defined at:
		line 49 in file "main.c"
 Parameters:    Size  Location     Type
		None
 Auto vars:     Size  Location     Type
  i               1   33[BANK0 ] unsigned char 
  i               1   32[BANK0 ] unsigned char 
  time            2   30[BANK0 ] int 
 Return value:  Size  Location     Type
		None               void
 Registers used:
		wreg, fsr2l, fsr2h, status,2, status,0, tblptrl, tblptrh, tblptru, prodl, prodh, cstack
 Tracked objects:
		On entry : 
		On exit  : 
		Unchanged: 
 Data sizes:     COMRAM   BANK0   BANK1   BANK2   BANK3   BANK4   BANK5   BANK6   BANK7   BANK8   BANK9  BANK10  BANK11  BANK12  BANK13  BANK14  BANK15
      Params:         0       0       0       0       0       0       0       0       0       0       0       0       0       0       0       0       0
      Locals:         0       4       0       0       0       0       0       0       0       0       0       0       0       0       0       0       0
      Temps:          0       3       0       0       0       0       0       0       0       0       0       0       0       0       0       0       0
      Totals:         0       7       0       0       0       0       0       0       0       0       0       0       0       0       0       0       0
Total ram usage:        7 bytes
 Hardware stack levels used:    1
 Hardware stack levels required when called:    7
 This function calls:
		_printf
		_gets
		_atoi
		_motor_left_power
		_motor_right_power
 This function is called by:
		_main
 This function uses a non-reentrant model


 *************** function _encoder_test *****************
 Defined at:
		line 70 in file "main.c"
 Parameters:    Size  Location     Type
		None
 Auto vars:     Size  Location     Type
		None
 Return value:  Size  Location     Type
		None               void
 Registers used:
		wreg, status,2, status,0, cstack
 Tracked objects:
		On entry : 
		On exit  : 
		Unchanged: 
 Data sizes:     COMRAM   BANK0   BANK1   BANK2   BANK3   BANK4   BANK5   BANK6   BANK7   BANK8   BANK9  BANK10  BANK11  BANK12  BANK13  BANK14  BANK15
      Params:         0       0       0       0       0       0       0       0       0       0       0       0       0       0       0       0       0
      Locals:         0       0       0       0       0       0       0       0       0       0       0       0       0       0       0       0       0
      Temps:          0       0       0       0       0       0       0       0       0       0       0       0       0       0       0       0       0
      Totals:         0       0       0       0       0       0       0       0       0       0       0       0       0       0       0       0       0
Total ram usage:        0 bytes
 Hardware stack levels used:    1
 Hardware stack levels required when called:    4
 This function calls:
		_sys_delay_ms
 This function is called by:
		_main
 This function uses a non-reentrant model


 *************** function _turn_enc_test *****************
 Defined at:
		line 76 in file "main.c"
 Parameters:    Size  Location     Type
		None
 Auto vars:     Size  Location     Type
  right           2   29[BANK0 ] int 
  left            2   27[BANK0 ] int 
 Return value:  Size  Location     Type
		None               void
 Registers used:
		wreg, fsr2l, fsr2h, status,2, status,0, tblptrl, tblptrh, tblptru, prodl, prodh, cstack
 Tracked objects:
		On entry : 
		On exit  : 
		Unchanged: 
 Data sizes:     COMRAM   BANK0   BANK1   BANK2   BANK3   BANK4   BANK5   BANK6   BANK7   BANK8   BANK9  BANK10  BANK11  BANK12  BANK13  BANK14  BANK15
      Params:         0       0       0       0       0       0       0       0       0       0       0       0       0       0       0       0       0
      Locals:         0       4       0       0       0       0       0       0       0       0       0       0       0       0       0       0       0
      Temps:          0       0       0       0       0       0       0       0       0       0       0       0       0       0       0       0       0
      Totals:         0       4       0       0       0       0       0       0       0       0       0       0       0       0       0       0       0
Total ram usage:        4 bytes
 Hardware stack levels used:    1
 Hardware stack levels required when called:    7
 This function calls:
		_printf
		_gets
		_atoi
		_motor_set_target
 This function is called by:
		_main
 This function uses a non-reentrant model


 *************** function _gets *****************
 Defined at:
		line 11 in file "/opt/microchip/xc8/v1.12/sources/gets.c"
 Parameters:    Size  Location     Type
  s               2    7[BANK0 ] PTR unsigned char 
		 -> buf(80), 
 Auto vars:     Size  Location     Type
		None
 Return value:  Size  Location     Type
                  2    7[BANK0 ] PTR unsigned char 
 Registers used:
		wreg, fsr2l, fsr2h, status,2, status,0, cstack
 Tracked objects:
		On entry : 
		On exit  : 
		Unchanged: 
 Data sizes:     COMRAM   BANK0   BANK1   BANK2   BANK3   BANK4   BANK5   BANK6   BANK7   BANK8   BANK9  BANK10  BANK11  BANK12  BANK13  BANK14  BANK15
      Params:         0       2       0       0       0       0       0       0       0       0       0       0       0       0       0       0       0
      Locals:         0       0       0       0       0       0       0       0       0       0       0       0       0       0       0       0       0
      Temps:          0       0       0       0       0       0       0       0       0       0       0       0       0       0       0       0       0
      Totals:         0       2       0       0       0       0       0       0       0       0       0       0       0       0       0       0       0
Total ram usage:        2 bytes
 Hardware stack levels used:    1
 Hardware stack levels required when called:    6
 This function calls:
		_cgets
 This function is called by:
		_set_power
		_time_turn_test
		_turn_enc_test
		_main
 This function uses a non-reentrant model


 *************** function _atoi *****************
 Defined at:
		line 6 in file "/opt/microchip/xc8/v1.12/sources/atoi.c"
 Parameters:    Size  Location     Type
  s               2    2[BANK0 ] PTR const unsigned char 
		 -> buf(80), 
 Auto vars:     Size  Location     Type
  a               2    8[BANK0 ] int 
  sign            1    7[BANK0 ] unsigned char 
 Return value:  Size  Location     Type
                  2    2[BANK0 ] int 
 Registers used:
		wreg, fsr2l, fsr2h, status,2, status,0, cstack
 Tracked objects:
		On entry : 
		On exit  : 
		Unchanged: 
 Data sizes:     COMRAM   BANK0   BANK1   BANK2   BANK3   BANK4   BANK5   BANK6   BANK7   BANK8   BANK9  BANK10  BANK11  BANK12  BANK13  BANK14  BANK15
      Params:         0       2       0       0       0       0       0       0       0       0       0       0       0       0       0       0       0
      Locals:         0       3       0       0       0       0       0       0       0       0       0       0       0       0       0       0       0
      Temps:          0       3       0       0       0       0       0       0       0       0       0       0       0       0       0       0       0
      Totals:         0       8       0       0       0       0       0       0       0       0       0       0       0       0       0       0       0
Total ram usage:        8 bytes
 Hardware stack levels used:    1
 Hardware stack levels required when called:    4
 This function calls:
		___wmul
		_isdigit
 This function is called by:
		_set_power
		_time_turn_test
		_turn_enc_test
 This function uses a non-reentrant model


 *************** function _motor_set_target *****************
 Defined at:
		line 97 in file "motor.c"
 Parameters:    Size  Location     Type
  left            2    4[BANK0 ] int 
  right           2    6[BANK0 ] int 
 Auto vars:     Size  Location     Type
  old_right       1   10[BANK0 ] char 
  old_left        1    9[BANK0 ] char 
 Return value:  Size  Location     Type
		None               void
 Registers used:
		wreg, status,2, status,0, cstack
 Tracked objects:
		On entry : 
		On exit  : 
		Unchanged: 
 Data sizes:     COMRAM   BANK0   BANK1   BANK2   BANK3   BANK4   BANK5   BANK6   BANK7   BANK8   BANK9  BANK10  BANK11  BANK12  BANK13  BANK14  BANK15
      Params:         0       4       0       0       0       0       0       0       0       0       0       0       0       0       0       0       0
      Locals:         0       2       0       0       0       0       0       0       0       0       0       0       0       0       0       0       0
      Temps:          0       1       0       0       0       0       0       0       0       0       0       0       0       0       0       0       0
      Totals:         0       7       0       0       0       0       0       0       0       0       0       0       0       0       0       0       0
Total ram usage:        7 bytes
 Hardware stack levels used:    1
 Hardware stack levels required when called:    4
 This function calls:
		_sys_delay_ms
		_motor_enc_clear
		_motor_left_power
		_motor_right_power
 This function is called by:
		_turn_enc_test
		_branching
 This function uses a non-reentrant model


 *************** function _motor_left_power *****************
 Defined at:
		line 141 in file "motor.c"
 Parameters:    Size  Location     Type
  p               1   31[COMRAM] char 
 Auto vars:     Size  Location     Type
		None
 Return value:  Size  Location     Type
		None               void
 Registers used:
		wreg, status,2, status,0
 Tracked objects:
		On entry : 
		On exit  : 
		Unchanged: 
 Data sizes:     COMRAM   BANK0   BANK1   BANK2   BANK3   BANK4   BANK5   BANK6   BANK7   BANK8   BANK9  BANK10  BANK11  BANK12  BANK13  BANK14  BANK15
      Params:         1       0       0       0       0       0       0       0       0       0       0       0       0       0       0       0       0
      Locals:         0       0       0       0       0       0       0       0       0       0       0       0       0       0       0       0       0
      Temps:          1       0       0       0       0       0       0       0       0       0       0       0       0       0       0       0       0
      Totals:         2       0       0       0       0       0       0       0       0       0       0       0       0       0       0       0       0
Total ram usage:        2 bytes
 Hardware stack levels used:    1
 Hardware stack levels required when called:    3
 This function calls:
		Nothing
 This function is called by:
		_set_power
		_time_turn_test
		_motor_set_target
		_message
		_center_straight
		_center_close
		_center_open
 This function uses a non-reentrant model


 *************** function _motor_right_power *****************
 Defined at:
		line 151 in file "motor.c"
 Parameters:    Size  Location     Type
  p               1   31[COMRAM] char 
 Auto vars:     Size  Location     Type
		None
 Return value:  Size  Location     Type
		None               void
 Registers used:
		wreg, status,2, status,0
 Tracked objects:
		On entry : 
		On exit  : 
		Unchanged: 
 Data sizes:     COMRAM   BANK0   BANK1   BANK2   BANK3   BANK4   BANK5   BANK6   BANK7   BANK8   BANK9  BANK10  BANK11  BANK12  BANK13  BANK14  BANK15
      Params:         1       0       0       0       0       0       0       0       0       0       0       0       0       0       0       0       0
      Locals:         0       0       0       0       0       0       0       0       0       0       0       0       0       0       0       0       0
      Temps:          1       0       0       0       0       0       0       0       0       0       0       0       0       0       0       0       0
      Totals:         2       0       0       0       0       0       0       0       0       0       0       0       0       0       0       0       0
Total ram usage:        2 bytes
 Hardware stack levels used:    1
 Hardware stack levels required when called:    3
 This function calls:
		Nothing
 This function is called by:
		_set_power
		_time_turn_test
		_motor_set_target
		_message
		_center_straight
		_center_close
		_center_open
 This function uses a non-reentrant model


 *************** function _sys_delay_ms *****************
 Defined at:
		line 194 in file "user.c"
 Parameters:    Size  Location     Type
  ticks           4   31[COMRAM] unsigned long 
 Auto vars:     Size  Location     Type
  old             4    0[BANK0 ] unsigned long 
 Return value:  Size  Location     Type
		None               void
 Registers used:
		wreg, status,2, status,0
 Tracked objects:
		On entry : 
		On exit  : 
		Unchanged: 
 Data sizes:     COMRAM   BANK0   BANK1   BANK2   BANK3   BANK4   BANK5   BANK6   BANK7   BANK8   BANK9  BANK10  BANK11  BANK12  BANK13  BANK14  BANK15
      Params:         4       0       0       0       0       0       0       0       0       0       0       0       0       0       0       0       0
      Locals:         0       4       0       0       0       0       0       0       0       0       0       0       0       0       0       0       0
      Temps:          0       0       0       0       0       0       0       0       0       0       0       0       0       0       0       0       0
      Totals:         4       4       0       0       0       0       0       0       0       0       0       0       0       0       0       0       0
Total ram usage:        8 bytes
 Hardware stack levels used:    1
 Hardware stack levels required when called:    3
 This function calls:
		Nothing
 This function is called by:
		_encoder_test
		_motor_set_target
		_branching
 This function uses a non-reentrant model


 *************** function _ConfigureOscillator *****************
 Defined at:
		line 25 in file "system.c"
 Parameters:    Size  Location     Type
		None
 Auto vars:     Size  Location     Type
		None
 Return value:  Size  Location     Type
		None               void
 Registers used:
		None
 Tracked objects:
		On entry : 
		On exit  : 
		Unchanged: 
 Data sizes:     COMRAM   BANK0   BANK1   BANK2   BANK3   BANK4   BANK5   BANK6   BANK7   BANK8   BANK9  BANK10  BANK11  BANK12  BANK13  BANK14  BANK15
      Params:         0       0       0       0       0       0       0       0       0       0       0       0       0       0       0       0       0
      Locals:         0       0       0       0       0       0       0       0       0       0       0       0       0       0       0       0       0
      Temps:          0       0       0       0       0       0       0       0       0       0       0       0       0       0       0       0       0
      Totals:         0       0       0       0       0       0       0       0       0       0       0       0       0       0       0       0       0
Total ram usage:        0 bytes
 Hardware stack levels used:    1
 Hardware stack levels required when called:    3
 This function calls:
		Nothing
 This function is called by:
		_main
 This function uses a non-reentrant model


 *************** function _InitApp *****************
 Defined at:
		line 33 in file "user.c"
 Parameters:    Size  Location     Type
		None
 Auto vars:     Size  Location     Type
		None
 Return value:  Size  Location     Type
		None               void
 Registers used:
		wreg, fsr2l, fsr2h, status,2, status,0, tblptrl, tblptrh, tblptru, prodl, prodh, cstack
 Tracked objects:
		On entry : 
		On exit  : 
		Unchanged: 
 Data sizes:     COMRAM   BANK0   BANK1   BANK2   BANK3   BANK4   BANK5   BANK6   BANK7   BANK8   BANK9  BANK10  BANK11  BANK12  BANK13  BANK14  BANK15
      Params:         0       0       0       0       0       0       0       0       0       0       0       0       0       0       0       0       0
      Locals:         0       0       0       0       0       0       0       0       0       0       0       0       0       0       0       0       0
      Temps:          0       0       0       0       0       0       0       0       0       0       0       0       0       0       0       0       0
      Totals:         0       0       0       0       0       0       0       0       0       0       0       0       0       0       0       0       0
Total ram usage:        0 bytes
 Hardware stack levels used:    1
 Hardware stack levels required when called:    5
 This function calls:
		_init_uart
		_printf
		_init_sonic_timer
		_init_motor_timer
 This function is called by:
		_main
 This function uses a non-reentrant model


 *************** function _printf *****************
 Defined at:
		line 465 in file "/opt/microchip/xc8/v1.12/sources/doprnt.c"
 Parameters:    Size  Location     Type
  f               2   10[BANK0 ] PTR const unsigned char 
		 -> STR_65(11), STR_63(13), STR_61(10), STR_59(13), 
		 -> STR_57(12), STR_55(10), STR_53(11), STR_51(12), 
		 -> STR_49(10), STR_47(10), STR_45(10), STR_43(9), 
		 -> STR_41(9), STR_39(3), STR_36(18), STR_33(7), 
		 -> STR_30(18), STR_23(3), STR_21(18), STR_19(20), 
		 -> STR_17(21), STR_15(19), STR_13(16), STR_11(53), 
		 -> STR_9(37), STR_7(16), STR_6(37), STR_5(36), 
		 -> STR_4(18), STR_2(19), STR_1(14), 
 Auto vars:     Size  Location     Type
  _val            4   22[BANK0 ] struct .
  ap              2   20[BANK0 ] PTR void [1]
		 -> ?_printf(2), 
  c               1   26[BANK0 ] char 
  prec            1   19[BANK0 ] char 
  flag            1   18[BANK0 ] unsigned char 
 Return value:  Size  Location     Type
                  2   10[BANK0 ] int 
 Registers used:
		wreg, fsr2l, fsr2h, status,2, status,0, tblptrl, tblptrh, tblptru, prodl, prodh, cstack
 Tracked objects:
		On entry : 
		On exit  : 
		Unchanged: 
 Data sizes:     COMRAM   BANK0   BANK1   BANK2   BANK3   BANK4   BANK5   BANK6   BANK7   BANK8   BANK9  BANK10  BANK11  BANK12  BANK13  BANK14  BANK15
      Params:         0       6       0       0       0       0       0       0       0       0       0       0       0       0       0       0       0
      Locals:         0       9       0       0       0       0       0       0       0       0       0       0       0       0       0       0       0
      Temps:          0       2       0       0       0       0       0       0       0       0       0       0       0       0       0       0       0
      Totals:         0      17       0       0       0       0       0       0       0       0       0       0       0       0       0       0       0
Total ram usage:       17 bytes
 Hardware stack levels used:    1
 Hardware stack levels required when called:    4
 This function calls:
		_putch
		___lwdiv
		___lwmod
 This function is called by:
		_set_power
		_time_turn_test
		_turn_enc_test
		_main
		_InitApp
		_maze_debug
 This function uses a non-reentrant model


 *************** function _beep *****************
 Defined at:
		line 153 in file "user.c"
 Parameters:    Size  Location     Type
  tone            1   31[COMRAM] unsigned char 
 Auto vars:     Size  Location     Type
  j               1    0[BANK0 ] unsigned char 
  i               1    1[BANK0 ] unsigned char 
 Return value:  Size  Location     Type
		None               void
 Registers used:
		wreg, status,2, status,0, prodl, prodh
 Tracked objects:
		On entry : 
		On exit  : 
		Unchanged: 
 Data sizes:     COMRAM   BANK0   BANK1   BANK2   BANK3   BANK4   BANK5   BANK6   BANK7   BANK8   BANK9  BANK10  BANK11  BANK12  BANK13  BANK14  BANK15
      Params:         1       0       0       0       0       0       0       0       0       0       0       0       0       0       0       0       0
      Locals:         0       2       0       0       0       0       0       0       0       0       0       0       0       0       0       0       0
      Temps:          3       0       0       0       0       0       0       0       0       0       0       0       0       0       0       0       0
      Totals:         4       2       0       0       0       0       0       0       0       0       0       0       0       0       0       0       0
Total ram usage:        6 bytes
 Hardware stack levels used:    1
 Hardware stack levels required when called:    3
 This function calls:
		Nothing
 This function is called by:
		_main
		_beep_message
 This function uses a non-reentrant model


 *************** function _maze_loop *****************
 Defined at:
		line 36 in file "maze.c"
 Parameters:    Size  Location     Type
		None
 Auto vars:     Size  Location     Type
		None
 Return value:  Size  Location     Type
		None               void
 Registers used:
		wreg
 Tracked objects:
		On entry : 
		On exit  : 
		Unchanged: 
 Data sizes:     COMRAM   BANK0   BANK1   BANK2   BANK3   BANK4   BANK5   BANK6   BANK7   BANK8   BANK9  BANK10  BANK11  BANK12  BANK13  BANK14  BANK15
      Params:         0       0       0       0       0       0       0       0       0       0       0       0       0       0       0       0       0
      Locals:         0       0       0       0       0       0       0       0       0       0       0       0       0       0       0       0       0
      Temps:          1       0       0       0       0       0       0       0       0       0       0       0       0       0       0       0       0
      Totals:         1       0       0       0       0       0       0       0       0       0       0       0       0       0       0       0       0
Total ram usage:        1 bytes
 Hardware stack levels used:    1
 Hardware stack levels required when called:    3
 This function calls:
		Nothing
 This function is called by:
		_main
 This function uses a non-reentrant model


 *************** function _strcmp *****************
 Defined at:
		line 34 in file "/opt/microchip/xc8/v1.12/sources/strcmp.c"
 Parameters:    Size  Location     Type
  s1              2   31[COMRAM] PTR const unsigned char 
		 -> buf(80), 
  s2              2   33[COMRAM] PTR const unsigned char 
		 -> STR_29(2), STR_28(2), STR_27(2), STR_26(2), 
		 -> STR_25(2), STR_24(2), 
 Auto vars:     Size  Location     Type
  r               1    1[BANK0 ] char 
 Return value:  Size  Location     Type
                  2   31[COMRAM] int 
 Registers used:
		wreg, fsr2l, fsr2h, status,2, status,0, tblptrl, tblptrh, tblptru
 Tracked objects:
		On entry : 
		On exit  : 
		Unchanged: 
 Data sizes:     COMRAM   BANK0   BANK1   BANK2   BANK3   BANK4   BANK5   BANK6   BANK7   BANK8   BANK9  BANK10  BANK11  BANK12  BANK13  BANK14  BANK15
      Params:         4       0       0       0       0       0       0       0       0       0       0       0       0       0       0       0       0
      Locals:         0       1       0       0       0       0       0       0       0       0       0       0       0       0       0       0       0
      Temps:          0       1       0       0       0       0       0       0       0       0       0       0       0       0       0       0       0
      Totals:         4       2       0       0       0       0       0       0       0       0       0       0       0       0       0       0       0
Total ram usage:        6 bytes
 Hardware stack levels used:    1
 Hardware stack levels required when called:    3
 This function calls:
		Nothing
 This function is called by:
		_main
 This function uses a non-reentrant model


 *************** function _sonic_test *****************
 Defined at:
		line 167 in file "sonic.c"
 Parameters:    Size  Location     Type
		None
 Auto vars:     Size  Location     Type
  i               1   17[BANK0 ] unsigned char 
 Return value:  Size  Location     Type
		None               void
 Registers used:
		wreg, fsr0l, fsr0h, fsr1l, fsr1h, fsr2l, fsr2h, status,2, status,0, pclat, tosl, structret, tblptrl, tblptrh, tblptru, prodl, prodh, bsr, cstack
 Tracked objects:
		On entry : 
		On exit  : 
		Unchanged: 
 Data sizes:     COMRAM   BANK0   BANK1   BANK2   BANK3   BANK4   BANK5   BANK6   BANK7   BANK8   BANK9  BANK10  BANK11  BANK12  BANK13  BANK14  BANK15
      Params:         0       0       0       0       0       0       0       0       0       0       0       0       0       0       0       0       0
      Locals:         0       1       0       0       0       0       0       0       0       0       0       0       0       0       0       0       0
      Temps:          0       1       0       0       0       0       0       0       0       0       0       0       0       0       0       0       0
      Totals:         0       2       0       0       0       0       0       0       0       0       0       0       0       0       0       0       0
Total ram usage:        2 bytes
 Hardware stack levels used:    1
 Hardware stack levels required when called:    7
 This function calls:
		_ping_lf
		_ping_lb
		_ping_front
		_ping_right
 This function is called by:
		_main
 This function uses a non-reentrant model


 *************** function _init_uart *****************
 Defined at:
		line 83 in file "user.c"
 Parameters:    Size  Location     Type
		None
 Auto vars:     Size  Location     Type
		None
 Return value:  Size  Location     Type
		None               void
 Registers used:
		wreg, status,2
 Tracked objects:
		On entry : 
		On exit  : 
		Unchanged: 
 Data sizes:     COMRAM   BANK0   BANK1   BANK2   BANK3   BANK4   BANK5   BANK6   BANK7   BANK8   BANK9  BANK10  BANK11  BANK12  BANK13  BANK14  BANK15
      Params:         0       0       0       0       0       0       0       0       0       0       0       0       0       0       0       0       0
      Locals:         0       0       0       0       0       0       0       0       0       0       0       0       0       0       0       0       0
      Temps:          0       0       0       0       0       0       0       0       0       0       0       0       0       0       0       0       0
      Totals:         0       0       0       0       0       0       0       0       0       0       0       0       0       0       0       0       0
Total ram usage:        0 bytes
 Hardware stack levels used:    1
 Hardware stack levels required when called:    3
 This function calls:
		Nothing
 This function is called by:
		_InitApp
 This function uses a non-reentrant model


 *************** function _init_sonic_timer *****************
 Defined at:
		line 94 in file "user.c"
 Parameters:    Size  Location     Type
		None
 Auto vars:     Size  Location     Type
		None
 Return value:  Size  Location     Type
		None               void
 Registers used:
		None
 Tracked objects:
		On entry : 
		On exit  : 
		Unchanged: 
 Data sizes:     COMRAM   BANK0   BANK1   BANK2   BANK3   BANK4   BANK5   BANK6   BANK7   BANK8   BANK9  BANK10  BANK11  BANK12  BANK13  BANK14  BANK15
      Params:         0       0       0       0       0       0       0       0       0       0       0       0       0       0       0       0       0
      Locals:         0       0       0       0       0       0       0       0       0       0       0       0       0       0       0       0       0
      Temps:          0       0       0       0       0       0       0       0       0       0       0       0       0       0       0       0       0
      Totals:         0       0       0       0       0       0       0       0       0       0       0       0       0       0       0       0       0
Total ram usage:        0 bytes
 Hardware stack levels used:    1
 Hardware stack levels required when called:    3
 This function calls:
		Nothing
 This function is called by:
		_InitApp
 This function uses a non-reentrant model


 *************** function _init_motor_timer *****************
 Defined at:
		line 128 in file "user.c"
 Parameters:    Size  Location     Type
		None
 Auto vars:     Size  Location     Type
		None
 Return value:  Size  Location     Type
		None               void
 Registers used:
		None
 Tracked objects:
		On entry : 
		On exit  : 
		Unchanged: 
 Data sizes:     COMRAM   BANK0   BANK1   BANK2   BANK3   BANK4   BANK5   BANK6   BANK7   BANK8   BANK9  BANK10  BANK11  BANK12  BANK13  BANK14  BANK15
      Params:         0       0       0       0       0       0       0       0       0       0       0       0       0       0       0       0       0
      Locals:         0       0       0       0       0       0       0       0       0       0       0       0       0       0       0       0       0
      Temps:          0       0       0       0       0       0       0       0       0       0       0       0       0       0       0       0       0
      Totals:         0       0       0       0       0       0       0       0       0       0       0       0       0       0       0       0       0
Total ram usage:        0 bytes
 Hardware stack levels used:    1
 Hardware stack levels required when called:    3
 This function calls:
		Nothing
 This function is called by:
		_InitApp
 This function uses a non-reentrant model


 *************** function _ping_front *****************
 Defined at:
		line 30 in file "sonic.c"
 Parameters:    Size  Location     Type
		None
 Auto vars:     Size  Location     Type
  value           2   14[BANK0 ] unsigned int 
 Return value:  Size  Location     Type
                  2   12[BANK0 ] unsigned int 
 Registers used:
		wreg, status,2, status,0, cstack
 Tracked objects:
		On entry : 
		On exit  : 
		Unchanged: 
 Data sizes:     COMRAM   BANK0   BANK1   BANK2   BANK3   BANK4   BANK5   BANK6   BANK7   BANK8   BANK9  BANK10  BANK11  BANK12  BANK13  BANK14  BANK15
      Params:         0       2       0       0       0       0       0       0       0       0       0       0       0       0       0       0       0
      Locals:         0       2       0       0       0       0       0       0       0       0       0       0       0       0       0       0       0
      Temps:          0       0       0       0       0       0       0       0       0       0       0       0       0       0       0       0       0
      Totals:         0       4       0       0       0       0       0       0       0       0       0       0       0       0       0       0       0
Total ram usage:        4 bytes
 Hardware stack levels used:    1
 Hardware stack levels required when called:    6
 This function calls:
		_p_front
 This function is called by:
		_sonic_test
		_collect_sensor_data
 This function uses a non-reentrant model


 *************** function _p_front *****************
 Defined at:
		line 40 in file "sonic.c"
 Parameters:    Size  Location     Type
		None
 Auto vars:     Size  Location     Type
  i               2   10[BANK0 ] unsigned int 
  value           2    8[BANK0 ] unsigned int 
 Return value:  Size  Location     Type
                  2    6[BANK0 ] unsigned int 
 Registers used:
		wreg, status,2, status,0, cstack
 Tracked objects:
		On entry : 
		On exit  : 
		Unchanged: 
 Data sizes:     COMRAM   BANK0   BANK1   BANK2   BANK3   BANK4   BANK5   BANK6   BANK7   BANK8   BANK9  BANK10  BANK11  BANK12  BANK13  BANK14  BANK15
      Params:         0       2       0       0       0       0       0       0       0       0       0       0       0       0       0       0       0
      Locals:         0       4       0       0       0       0       0       0       0       0       0       0       0       0       0       0       0
      Temps:          0       0       0       0       0       0       0       0       0       0       0       0       0       0       0       0       0
      Totals:         0       6       0       0       0       0       0       0       0       0       0       0       0       0       0       0       0
Total ram usage:        6 bytes
 Hardware stack levels used:    1
[...]
      Temps:          0       0       0       0       0       0       0       0       0       0       0       0       0       0       0       0       0
      Totals:         0       0       0       0       0       0       0       0       0       0       0       0       0       0       0       0       0
Total ram usage:        0 bytes
 Hardware stack levels used:    1
 Hardware stack levels required when called:    3
 This function calls:
		Nothing
 This function is called by:
		_motor_set_target
 This function uses a non-reentrant model


 *************** function _isdigit *****************
 Defined at:
		line 13 in file "/opt/microchip/xc8/v1.12/sources/isdigit.c"
 Parameters:    Size  Location     Type
  c               1   31[COMRAM] unsigned char 
 Auto vars:     Size  Location     Type
		None
 Return value:  Size  Location     Type
		None               void
 Registers used:
		wreg, status,2, status,0
 Tracked objects:
		On entry : 
		On exit  : 
		Unchanged: 
 Data sizes:     COMRAM   BANK0   BANK1   BANK2   BANK3   BANK4   BANK5   BANK6   BANK7   BANK8   BANK9  BANK10  BANK11  BANK12  BANK13  BANK14  BANK15
      Params:         1       0       0       0       0       0       0       0       0       0       0       0       0       0       0       0       0
      Locals:         1       0       0       0       0       0       0       0       0       0       0       0       0       0       0       0       0
      Temps:          1       0       0       0       0       0       0       0       0       0       0       0       0       0       0       0       0
      Totals:         3       0       0       0       0       0       0       0       0       0       0       0       0       0       0       0       0
Total ram usage:        3 bytes
 Hardware stack levels used:    1
 Hardware stack levels required when called:    3
 This function calls:
		Nothing
 This function is called by:
		_atoi
 This function uses a non-reentrant model


 *************** function _cgets *****************
 Defined at:
		line 5 in file "/opt/microchip/xc8/v1.12/sources/cgets.c"
 Parameters:    Size  Location     Type
  s               2   33[COMRAM] PTR unsigned char 
		 -> buf(80), 
 Auto vars:     Size  Location     Type
  s1              2    5[BANK0 ] PTR unsigned char 
		 -> buf(80), 
  c               2    3[BANK0 ] int 
 Return value:  Size  Location     Type
                  2   33[COMRAM] PTR unsigned char 
 Registers used:
		wreg, fsr2l, fsr2h, status,2, status,0, cstack
 Tracked objects:
		On entry : 
		On exit  : 
		Unchanged: 
 Data sizes:     COMRAM   BANK0   BANK1   BANK2   BANK3   BANK4   BANK5   BANK6   BANK7   BANK8   BANK9  BANK10  BANK11  BANK12  BANK13  BANK14  BANK15
      Params:         2       0       0       0       0       0       0       0       0       0       0       0       0       0       0       0       0
      Locals:         0       4       0       0       0       0       0       0       0       0       0       0       0       0       0       0       0
      Temps:          0       3       0       0       0       0       0       0       0       0       0       0       0       0       0       0       0
      Totals:         2       7       0       0       0       0       0       0       0       0       0       0       0       0       0       0       0
Total ram usage:        9 bytes
 Hardware stack levels used:    1
 Hardware stack levels required when called:    5
 This function calls:
		_putch
		_getche
 This function is called by:
		_gets
 This function uses a non-reentrant model


 *************** function _getche *****************
 Defined at:
		line 182 in file "user.c"
 Parameters:    Size  Location     Type
		None
 Auto vars:     Size  Location     Type
  value           1   32[COMRAM] unsigned char 
 Return value:  Size  Location     Type
                  1    wreg      unsigned char 
 Registers used:
		wreg, status,2, cstack
 Tracked objects:
		On entry : 
		On exit  : 
		Unchanged: 
 Data sizes:     COMRAM   BANK0   BANK1   BANK2   BANK3   BANK4   BANK5   BANK6   BANK7   BANK8   BANK9  BANK10  BANK11  BANK12  BANK13  BANK14  BANK15
      Params:         0       0       0       0       0       0       0       0       0       0       0       0       0       0       0       0       0
      Locals:         1       0       0       0       0       0       0       0       0       0       0       0       0       0       0       0       0
      Temps:          0       0       0       0       0       0       0       0       0       0       0       0       0       0       0       0       0
      Totals:         1       0       0       0       0       0       0       0       0       0       0       0       0       0       0       0       0
Total ram usage:        1 bytes
 Hardware stack levels used:    1
 Hardware stack levels required when called:    4
 This function calls:
		_putch
 This function is called by:
		_cgets
 This function uses a non-reentrant model


 *************** function _putch *****************
 Defined at:
		line 176 in file "user.c"
 Parameters:    Size  Location     Type
  c               1   31[COMRAM] unsigned char 
 Auto vars:     Size  Location     Type
		None
 Return value:  Size  Location     Type
		None               void
 Registers used:
		None
 Tracked objects:
		On entry : 
		On exit  : 
		Unchanged: 
 Data sizes:     COMRAM   BANK0   BANK1   BANK2   BANK3   BANK4   BANK5   BANK6   BANK7   BANK8   BANK9  BANK10  BANK11  BANK12  BANK13  BANK14  BANK15
      Params:         1       0       0       0       0       0       0       0       0       0       0       0       0       0       0       0       0
      Locals:         0       0       0       0       0       0       0       0       0       0       0       0       0       0       0       0       0
      Temps:          0       0       0       0       0       0       0       0       0       0       0       0       0       0       0       0       0
      Totals:         1       0       0       0       0       0       0       0       0       0       0       0       0       0       0       0       0
Total ram usage:        1 bytes
 Hardware stack levels used:    1
 Hardware stack levels required when called:    3
 This function calls:
		Nothing
 This function is called by:
		_getche
		_printf
		_cgets
 This function uses a non-reentrant model


 *************** function ___lwdiv *****************
 Defined at:
		line 10 in file "/opt/microchip/xc8/v1.12/sources/lwdiv.c"
 Parameters:    Size  Location     Type
  dividend        2   31[COMRAM] unsigned int 
  divisor         2   33[COMRAM] unsigned int 
 Auto vars:     Size  Location     Type
  quotient        2    2[BANK0 ] unsigned int 
  counter         1    1[BANK0 ] unsigned char 
 Return value:  Size  Location     Type
                  2   31[COMRAM] unsigned int 
 Registers used:
		wreg, status,2, status,0
 Tracked objects:
		On entry : 
		On exit  : 
		Unchanged: 
 Data sizes:     COMRAM   BANK0   BANK1   BANK2   BANK3   BANK4   BANK5   BANK6   BANK7   BANK8   BANK9  BANK10  BANK11  BANK12  BANK13  BANK14  BANK15
      Params:         4       0       0       0       0       0       0       0       0       0       0       0       0       0       0       0       0
      Locals:         0       3       0       0       0       0       0       0       0       0       0       0       0       0       0       0       0
      Temps:          0       1       0       0       0       0       0       0       0       0       0       0       0       0       0       0       0
      Totals:         4       4       0       0       0       0       0       0       0       0       0       0       0       0       0       0       0
Total ram usage:        8 bytes
 Hardware stack levels used:    1
 Hardware stack levels required when called:    3
 This function calls:
		Nothing
 This function is called by:
		_ping_convert
		_printf
 This function uses a non-reentrant model


 *************** function ___lwmod *****************
 Defined at:
		line 10 in file "/opt/microchip/xc8/v1.12/sources/lwmod.c"
 Parameters:    Size  Location     Type
  dividend        2    4[BANK0 ] unsigned int 
  divisor         2    6[BANK0 ] unsigned int 
 Auto vars:     Size  Location     Type
  counter         1    9[BANK0 ] unsigned char 
 Return value:  Size  Location     Type
                  2    4[BANK0 ] unsigned int 
 Registers used:
		wreg, status,2, status,0
 Tracked objects:
		On entry : 
		On exit  : 
		Unchanged: 
 Data sizes:     COMRAM   BANK0   BANK1   BANK2   BANK3   BANK4   BANK5   BANK6   BANK7   BANK8   BANK9  BANK10  BANK11  BANK12  BANK13  BANK14  BANK15
      Params:         0       4       0       0       0       0       0       0       0       0       0       0       0       0       0       0       0
      Locals:         0       1       0       0       0       0       0       0       0       0       0       0       0       0       0       0       0
      Temps:          0       1       0       0       0       0       0       0       0       0       0       0       0       0       0       0       0
      Totals:         0       6       0       0       0       0       0       0       0       0       0       0       0       0       0       0       0
Total ram usage:        6 bytes
 Hardware stack levels used:    1
 Hardware stack levels required when called:    3
 This function calls:
		Nothing
 This function is called by:
		_printf
 This function uses a non-reentrant model


 *************** function ___wmul *****************
 Defined at:
		line 3 in file "/opt/microchip/xc8/v1.12/sources/wmul.c"
 Parameters:    Size  Location     Type
  multiplier      2   31[COMRAM] unsigned int 
  multiplicand    2   33[COMRAM] unsigned int 
 Auto vars:     Size  Location     Type
  product         2    0[BANK0 ] unsigned int 
 Return value:  Size  Location     Type
                  2   31[COMRAM] unsigned int 
 Registers used:
		wreg, status,2, status,0
 Tracked objects:
		On entry : 
		On exit  : 
		Unchanged: 
 Data sizes:     COMRAM   BANK0   BANK1   BANK2   BANK3   BANK4   BANK5   BANK6   BANK7   BANK8   BANK9  BANK10  BANK11  BANK12  BANK13  BANK14  BANK15
      Params:         4       0       0       0       0       0       0       0       0       0       0       0       0       0       0       0       0
      Locals:         0       2       0       0       0       0       0       0       0       0       0       0       0       0       0       0       0
      Temps:          0       0       0       0       0       0       0       0       0       0       0       0       0       0       0       0       0
      Totals:         4       2       0       0       0       0       0       0       0       0       0       0       0       0       0       0       0
Total ram usage:        6 bytes
 Hardware stack levels used:    1
 Hardware stack levels required when called:    3
 This function calls:
		Nothing
 This function is called by:
		_atoi
 This function uses a non-reentrant model


 *************** function _low_isr *****************
 Defined at:
		line 90 in file "interrupts.c"
 Parameters:    Size  Location     Type
		None
 Auto vars:     Size  Location     Type
		None
 Return value:  Size  Location     Type
		None               void
 Registers used:
		None
 Tracked objects:
		On entry : 
		On exit  : 
		Unchanged: 
 Data sizes:     COMRAM   BANK0   BANK1   BANK2   BANK3   BANK4   BANK5   BANK6   BANK7   BANK8   BANK9  BANK10  BANK11  BANK12  BANK13  BANK14  BANK15
      Params:         0       0       0       0       0       0       0       0       0       0       0       0       0       0       0       0       0
      Locals:         0       0       0       0       0       0       0       0       0       0       0       0       0       0       0       0       0
      Temps:         17       0       0       0       0       0       0       0       0       0       0       0       0       0       0       0       0
      Totals:        17       0       0       0       0       0       0       0       0       0       0       0       0       0       0       0       0
Total ram usage:       17 bytes
 Hardware stack levels used:    1
 Hardware stack levels required when called:    2
 This function calls:
		Nothing
 This function is called by:
		Interrupt level 1
 This function uses a non-reentrant model


 *************** function _high_isr *****************
 Defined at:
		line 40 in file "interrupts.c"
 Parameters:    Size  Location     Type
		None
 Auto vars:     Size  Location     Type
		None
 Return value:  Size  Location     Type
		None               void
 Registers used:
		wreg, status,2, status,0, cstack
 Tracked objects:
		On entry : 
		On exit  : 
		Unchanged: 
 Data sizes:     COMRAM   BANK0   BANK1   BANK2   BANK3   BANK4   BANK5   BANK6   BANK7   BANK8   BANK9  BANK10  BANK11  BANK12  BANK13  BANK14  BANK15
      Params:         0       0       0       0       0       0       0       0       0       0       0       0       0       0       0       0       0
      Locals:         0       0       0       0       0       0       0       0       0       0       0       0       0       0       0       0       0
      Temps:         14       0       0       0       0       0       0       0       0       0       0       0       0       0       0       0       0
      Totals:        14       0       0       0       0       0       0       0       0       0       0       0       0       0       0       0       0
Total ram usage:       14 bytes
 Hardware stack levels used:    1
 Hardware stack levels required when called:    1
 This function calls:
		_motor_enc_interupt
		_maze_interupt
 This function is called by:
		Interrupt level 2
 This function uses a non-reentrant model


 *************** function _motor_enc_interupt *****************
 Defined at:
		line 72 in file "motor.c"
 Parameters:    Size  Location     Type
		None
 Auto vars:     Size  Location     Type
		None
 Return value:  Size  Location     Type
		None               void
 Registers used:
		wreg, status,2, status,0
 Tracked objects:
		On entry : 
		On exit  : 
		Unchanged: 
 Data sizes:     COMRAM   BANK0   BANK1   BANK2   BANK3   BANK4   BANK5   BANK6   BANK7   BANK8   BANK9  BANK10  BANK11  BANK12  BANK13  BANK14  BANK15
      Params:         0       0       0       0       0       0       0       0       0       0       0       0       0       0       0       0       0
      Locals:         0       0       0       0       0       0       0       0       0       0       0       0       0       0       0       0       0
      Temps:          0       0       0       0       0       0       0       0       0       0       0       0       0       0       0       0       0
      Totals:         0       0       0       0       0       0       0       0       0       0       0       0       0       0       0       0       0
Total ram usage:        0 bytes
 Hardware stack levels used:    1
 This function calls:
		Nothing
 This function is called by:
		_high_isr
 This function uses a non-reentrant model


 *************** function _maze_interupt *****************
 Defined at:
		line 30 in file "maze.c"
 Parameters:    Size  Location     Type
		None
 Auto vars:     Size  Location     Type
		None
 Return value:  Size  Location     Type
		None               void
 Registers used:
		None
 Tracked objects:
		On entry : 
		On exit  : 
		Unchanged: 
 Data sizes:     COMRAM   BANK0   BANK1   BANK2   BANK3   BANK4   BANK5   BANK6   BANK7   BANK8   BANK9  BANK10  BANK11  BANK12  BANK13  BANK14  BANK15
      Params:         0       0       0       0       0       0       0       0       0       0       0       0       0       0       0       0       0
      Locals:         0       0       0       0       0       0       0       0       0       0       0       0       0       0       0       0       0
      Temps:          0       0       0       0       0       0       0       0       0       0       0       0       0       0       0       0       0
      Totals:         0       0       0       0       0       0       0       0       0       0       0       0       0       0       0       0       0
Total ram usage:        0 bytes
 Hardware stack levels used:    1
 This function calls:
		Nothing
 This function is called by:
		_high_isr
 This function uses a non-reentrant model



MODULE INFORMATION

Module		Function		Class		Link	Load	Size
sonic.c
		_ping_lb       		CODE           	1506	0000	30
		_p_front       		CODE           	0C9A	0000	170
		_p_lb          		CODE           	0DEE	0000	170
		_p_right       		CODE           	0E98	0000	170
		_p_lf          		CODE           	0D44	0000	170
		_ping_lf       		CODE           	14E8	0000	30
		_ping_right    		CODE           	1524	0000	30
		_ping_convert  		CODE           	145C	0000	42
		_sonic_test    		CODE           	12EA	0000	82
		_ping_front    		CODE           	14CA	0000	30

sonic.c estimated size: 924

/opt/microchip/xc8/v1.12/sources/cgets.c
		_cgets         		CODE           	07A2	0000	308

/opt/microchip/xc8/v1.12/sources/cgets.c estimated size: 308

maze.c
		_maze_loop     		CODE           	1486	0000	38
		_maze_interupt 		CODE           	1602	0000	6

maze.c estimated size: 44

motor.c
		_motor_right_po		CODE           	13F6	0000	54
		_motor_enc_clea		CODE           	15A0	0000	18
		_motor_set_targ		CODE           	0A00	0000	284
		_motor_enc_inte		CODE           	1388	0000	56
		_motor_left_pow		CODE           	13C0	0000	54

motor.c estimated size: 466

/opt/microchip/xc8/v1.12/sources/atoi.c
		_atoi          		CODE           	0666	0000	316

/opt/microchip/xc8/v1.12/sources/atoi.c estimated size: 316

shared
		__stringdata   		MEDIUMCONST    	FDEC	0000	530
		_dpowers       		MEDIUMCONST    	FDE2	0000	10
		__initializatio		CODE           	14AC	0000	24

shared estimated size: 564

/opt/microchip/xc8/v1.12/sources/isdigit.c
		_isdigit       		CODE           	142C	0000	48

/opt/microchip/xc8/v1.12/sources/isdigit.c estimated size: 48

main.c
		_turn_enc_test 		CODE           	0BE2	0000	184
		_main          		CODE           	00A6	0000	758
		_encoder_test  		CODE           	155E	0000	22
		_set_power     		CODE           	0FE2	0000	154
		_time_turn_test		CODE           	08D6	0000	298

main.c estimated size: 1416

system.c
		_ConfigureOscil		CODE           	1574	0000	22

system.c estimated size: 22

interrupts.c
		_high_isr      		CODE           	0008	0000	3034
		_low_isr       		CODE           	0018	0000	138

interrupts.c estimated size: 3172

/opt/microchip/xc8/v1.12/sources/wmul.c
		___wmul        		CODE           	133C	0000	76

/opt/microchip/xc8/v1.12/sources/wmul.c estimated size: 76

/opt/microchip/xc8/v1.12/sources/lwmod.c
		___lwmod       		CODE           	0F42	0000	160

/opt/microchip/xc8/v1.12/sources/lwmod.c estimated size: 160

/opt/microchip/xc8/v1.12/sources/lwdiv.c
		___lwdiv       		CODE           	110E	0000	140

/opt/microchip/xc8/v1.12/sources/lwdiv.c estimated size: 140

/opt/microchip/xc8/v1.12/sources/doprnt.c
		_printf        		CODE           	039C	0000	714

/opt/microchip/xc8/v1.12/sources/doprnt.c estimated size: 714

/opt/microchip/xc8/v1.12/sources/gets.c
		_gets          		CODE           	15B2	0000	16

/opt/microchip/xc8/v1.12/sources/gets.c estimated size: 16

user.c
		_putch         		CODE           	15D2	0000	16
		_beep          		CODE           	119A	0000	118
		_sys_delay_ms  		CODE           	1210	0000	114
		_init_uart     		CODE           	15F0	0000	12
		_init_motor_tim		CODE           	15FC	0000	6
		_InitApp       		CODE           	107C	0000	146
		_getche        		CODE           	1542	0000	28
		_init_sonic_tim		CODE           	15C2	0000	16
		_stop_sonic_tim		CODE           	158A	0000	22
		_start_sonic_ti		CODE           	15E2	0000	14

user.c estimated size: 492

/opt/microchip/xc8/v1.12/sources/strcmp.c
		_strcmp        		CODE           	1282	0000	104

/opt/microchip/xc8/v1.12/sources/strcmp.c estimated size: 104

